// Jest Snapshot v1, https://goo.gl/fbAQLP

exports[`Render Updates Relative View Render relative view with props and children updates 1`] = `"data:image/png;base64,iVBORw0KGgoAAAANSUhEUgAAASwAAACWCAYAAABkW7XSAAAABmJLR0QA/wD/AP+gvaeTAAAXMElEQVR4nO3dfVBUd57v8XfTreMDNkg3RnkyCKTA9qGi+JBgJUoI3h0THRJjatTIqqObGnemUq6lqTtx1YrejQ6ajaSS6FzRpMzdRKdQY5nKaJXolrMhc8lNUZKY6HIHYxxvRGBDRxC6m+/940hD2zy00rE5+n1VUW3/zvec3w/a8+Gc3zndWEREUEp1yWKxWCI9BtUhKtIDUEqpUGlgKaVMQwNLKWUaGlhKKdPQwFJKmYYGllLKNDSwlFKmoYGllDINDSyllGloYCmlTEMDSyllGhpYSinT0MBSSpmGBpZSyjQ0sJRSpqGBpZQyDQ0spZRpaGAppUxDA0spZRoaWEop09DAUkqZhgaWUso0NLCUUqZh6/ykrKyMP/7xj9TU1DBs2DBSU1NZvHgxLpery5XNXq+UMhm56Te/+Y0AEh0dLePHj5fU1FSJiooSi8UiK1asEJ/PJ52ZvV6pUER051TBRESOHDkigCxevFjcbrf/xaqtrZU5c+YIICUlJf52s9crFapI7ZeqGyIiS5cuFYvFIg0NDUEv2JUrVyQqKkrmzZvnbzN7vVKhivT+qQLZAH788UdEhMbGRmJjYwMKRo4cybvvvovdbve3mb1eKWVSIiLFxcUCSEZGhhQVFck333zT428ds9crFaqI7pwqmIiIx+ORX//61zJgwAABBJCUlBT55S9/KSUlJfLDDz8EvIhmr1cqVJHaL1U3Or84V65ckZKSElmyZImkp6f7d/74+Hg5c+ZM0Itp9nqlehOp/VJ1o6cX669//ausXbtWLBaLpKamSltbW48vrtnrlbpVpPdPdYu6ujp57rnnZO/evd2+aPPmzRNAampqxOz1St2OiO6cKkjUkCFDOHr0KHv27Om2KD4+HoCBAwdi9nqllImJiCxcuFAA2blzZ9BpU3l5ucTExIjL5fK3mb1eqVBFdOdUwUSMO8InTJgggDz00EOyaNEiKSwslGnTponFYpH4+Hj5y1/+4n8RzV6vVKgiunOqIJb2F6W5uZk9e/Zw7Ngxampq+NnPfsbo0aP5+c9/zqJFi4iOjg5Y0ez1SoXCYrFYIj0G1cGiv0WU6p4GVv+in4ellDINDSyllGloYCmlTEMDSyllGhpYSinT0MBSSpmGBpZSyjQ0sJRSpqGBpZQyjSiAQ4cOcfjw4bveeWlpacCnLBw4cICPPvroro9DKWUOFhGRKVOmYLVaKS8vv6udFxQUcOHCBaqqqgAYO3YscXFxnDlz5q6OQ6nu6Ftz+hdb7yV3z8aNGxk0aFCkh6GU6qd6DCyv10t1dTU2m43U1FSiorqf8rpy5QoDBw7E4XD02GFjY2O3f3JrwYIF3a7n8/n4/vvviYmJYejQod3Wud1uhg0b1uMYlFLm1G0C7dixgxEjRpCZmUl6ejpJSUns3bs3oMbj8bB+/XocDgcJCQk4nU5GjRrFq6++Sltbm79ORNiyZQtOp5OYmBhiY2PZvn17UJ/5+fkBoTV9+nSWLVvGe++9R3JyMomJidjtdp555hmuX78esO727dsZMWIEdrudkSNH8s4777Bu3ToKCwvv+IejlOpnRESys7Nl2rRp/g8te+211wSQ5cuXy+nTp+X48eP+z0XftWuXv27r1q0CyEsvvSSnTp2SEydOyIIFCwSQDz74wF+3bds2ASQ3N1dKSkqkqKhInE6nREdHB3wSaFZWluTk5AQ8j4+Pl/j4eNm6dau8//778vTTTwsgGzZs8Ndt2bJFAHn22Wdl//79snnzZomNjZXhw4fL1KlTw/uJbuq+EsFdU3VFJDCw6uvrZciQIfLEE08EvHBer1cmTpwo8fHx4vF4RERk7ty5MnPmzIC65uZmiYqKktWrV4uIiNvtFofDITk5OeL1ev11n3/+uVgsll4Dy2KxyKeffupva21tFYfD4e+3rq5OBg8eLE899VTAOM6cOSOABpbqk0jvnypQ0CnhyZMnaWpqYtmyZQHtVquV+fPnU1tb67+qd+TIEcrKygBjjunSpUscPHiQtrY2WltbASgrK6Ouro5Vq1ZhtVr925s0aRJTpkzpdYBZWVlMnz7d/3zAgAGkpaVRV1cHwKlTp2hubmbJkiUB6+Xk5OByuUL6ISilzCEosGpqagDIzMwMKh41ahQAtbW1ADQ0NLBmzRpcLheDBw8mJSWFl19+OWCd6upqANLS0oK2N3r06F4H6HQ6g9psNpt/juzSpUsAjBkz5o62r5Qyj6DAar/txOfzBRU3NDQAEB0djdfrJT8/nzfffJO8vDw+/PBDzp07x8WLFwPWaW5uBowJ+ls1NTX1OkCbrec7L3oa740bN3rdvlLKPIICq/1IqLKyMqi4vLwcm82Gy+WiqqqKiooK1q1bxxtvvEFBQQGZmZnU19cHrJORkQHAF198EdDu8/k4e/Zsn7+BBx98EICvvvoqoP3GjRtUVFT0eftKqf4jKLDy8vKIi4vj9ddfDzgCOn/+PMeOHaOgoAC73e4/JfN6vf4an8/Hhg0bAONWBoDZs2cTGxtLcXExbrfbX7t7926+/fbbPn8Ds2bNIiYmhqKiIv+8loiwdu1aGhsbA2orKyvZvXs358+fv+02pVQ/IBJ8W8PBgwfFarVKamqqrFy5UlasWCFxcXGSkJDg/3PvHo9HsrOzxWazycKFC2XVqlWSkZEhM2bMkPT0dElJSfH/+fgDBw6I1WqV5ORkKSwslDlz5sjQoUMlJyen16uEubm5QVduHn300YD1Dh8+LHa7XZxOp+Tn50taWpokJSVJVlZWwPfVfhtG5z9rH2qbuj9FePdUt7Bu3LhxY2trKxMnTmTq1KmA8Z6+vLw8vvvuOyorK2loaKCgoIB9+/aRmJgIQFRUFPPnz6elpYUvv/ySpqYmli5dys6dOxk/fjxXr15lzJgxPPzww7hcLh577DEuXrzIhQsXSE5OZs+ePYwdO5bU1FQeeeQRAFpaWgKuHra0tDB58mQmT54cMOjW1lYmTJjgXy8zM5PFixczfPhwLBYLTz75JG+//TalpaXExMTwwgsvAMbR4AMPPMCsWbNISEi4rTZ1f9q0adOmSI9BdTD93yW8fv06H3/8MePGjSMrK8vf7vP5cDgcLFy4kLfeeiuCI1Rmpm9+7l9M/3lYgwYN4sUXX6SwsNA/h+XxeHjllVdobGzk+eefj/AIlVLh0q8+reFOWK1WiouLWblyJYmJiSQlJXHt2jXcbjebN2/m8ccfj/QQlVJhYvpTwnYNDQ188sknXL58GafTSW5uLikpKZEeljI5PSXsX+6ZwFLqp6CB1b+Yfg5LKXX/0MBSSpmGBpZSyjQ0sJRSpqGBpZQyDQ0spZRpaGAppUxDA0spZRoaWEop09DAUkqZhgaWUso0NLCUUqahgaWUMg0NLKWUaWhgKaVMQwNLKWUaGlhKKdPQwFJKmYYGllLKNDSwlFKmoYGllDINDSyllGloYCmlTEMDSyllGhpY94hr1+BvfwOvNzx14e43HA4dgsOHf/p+gskzIMs7PV8AMjcSI7nvierXrl4VGTBAZN++rpf/4Q8io0eLgPFlt4usXi3S0nJndeHuN9TthSI7W2TatDtf/07c3EsOgVR12mu+AjkTmT32/maL9ABU91pa4OWXwePpevn778OKFTB1KvzudxAVBf/2b7Bjh/Hv3//+9urC3W+o2zOhjcCNSA/ivnR3f1+pUFRWiuTmisTEdBzBdHVkMn68SEqKSFNTR5vXKzJpknE081//dXt14e431O2FqrsjLI9H5OuvRf7zP0V8vp638be/iVy71ntfP/xgPN7cS245wupxj7KCJIAM7aVuWN/23PuTzmH1QzYbpKfD889Dfn7XNc3NcPYsPP00DB7c0W61Ql6ecTTz9deh14W731C311c7dsCIEZCZafSVlAR79wbWeDywfj04HJCQAE4njBoFr74KbW0ddSKwZYuxPCYGYmMB5J+Ce5XjIAc6PS8HKQFZAlwCLgONIKXBwSX/BHL15vL/B/IiyFaQd8Px87jn3f7vOXU3lZZ2fWTy448iu3aJfP558Dq/+IWxzuXLodeFu99Qt3c7bj3Ceu01Y5vLl4ucPi1y/LjIvHlG265dHXVbtxptL70kcuqUyIkTIgsWGG0ffNBRt22b0ZabK1JSIlJUJAJSC+LueQ5LvjJCSK6CrAVZCPLRzaPKjZ3q/vvNtj+CLAL5HUgDSD3IZ3dtpzezO//vo+6G29nR29pEdu4UsViM8OhLXbj7DXdg1deLDBki8sQTgTVer8jEiSLx8capoojI3LkiM2cG1jU3i0RFGRcKRETcbhGHQyQnx9hGO5BJIG0hBFYbyPRObQNAroGU3XweB9IEcvSWPTDnZohpYIVATwnvERcvwty58NvfwowZ8Ic/9K0u3P2G28mT0NQEy5YFtlutMH8+1NZC1c2IOXIEym7Ghs8Hly7BwYPG6WBrq9FeVgZ1dbBqlbGNDpb/A/zvEIZ0DizlndbzANWA42bDTGAw8F7gapY/A1+GsH2FBpbpeb3GXExWFvz5z1BcbOx8Tued1YW7359KTY3xmJkZvGzUKOOxttZ4bGiANWvA5TLm3VJSjKuWnVVXG49paV12dzGEIV3ros1Lxz6WfPPx/97h9hV6W4Op/fgj/N3fGYHxq1/Bv/yLMbF8p3Xh7venZLEYjz5f8LKGBuMxOtoI1vx840LBP/wDbN5shGx6OgwY0LFOc7Px2M2tF0NCGFJvt87evOKItYtlg0LYvkIDy9R++1v47DMoLYVf/KLvdeHu96fUfiRUWQlTpgQuKy83rlC6XMZpYUUF/PM/w6ZNHTVXrwauk5FhPH7xBeTkdF4iVmA84O7jkGtuPo4F/tJp+4OAbODrPm7/vqCnhCZ17Rrs32+ER0+hEWpduPvtq4oK2L0bzp/venleHsTFweuvG3NZ7c6fh2PHoKAA7PaO2xY6v3XI54MNG4x/t99pNXu2cRtDcTG4A6NpJZAShm+pDPgBWANy83hULMA2wB5YKhNBVoI8dPtt9zYNLJP69FPj9GX7duP0qKuviorQ68Ldb18dPWqcwv3Hf3S9fOhQ2LULvvkGxo0zaleuhEceMYKs/W77CRMgOxu2bYNFi+Af/9E4JayqMk4Ljx6Ffftg2DAjIKurjSOzv/97eOopAH4P/Lnv35HFDRRizGV9DfIn4AJQAJyj45QRYDawC3j0DtruaXpK2M899BCsWwfjxwe2jxhhtPdk5EjjaCKUunD3G+r2ujNjBkybBgMHdrQVFnbMXYFxNfDf/x127jROUYcMMebUVq+GBx4wamw2+NOfjLmrzz6D+npj+a9+BadPG1c124/CnnsO4uPhX//VmPPKygIgB0i9+dXufwLNtzzv6pRxPwHzU5YjIOOABcAY4ATwLnAU4+ir3WfAVuDsHbTd0yzGvSZK9T9z5hhXIidNitwYLJbOEdkXMhT4OVAFlnOd2q1AHfC/wPLr8PR179JTQtUv7dplnNpFMqzC7AbwDvBupzmsAcBmjDmsDyM2MhPRIyzVLzU3B75XMVLCd4QFxlt22I0xFfMd4ASGAevB8j/C18+9SwNLqR6EN7AAZDjw34BEjJtNT4Ll2/D2ce/SwFKqB+EPLNUXOoellDINDSyllGloYCmlTEMDSyllGhpYSinT0MBSSpmGBpZSyjQ0sJRSpqGBpZQyDQ0spZRpaGAppUxDA0spZRoaWEop09DAUkqZhgaWUso0NLCUUqahgaWUMg0NLKWUaWhgKaVMQwNLKWUaGlhKKdPQwOqHDh06xOHDh+96v6WlpezZs8f//MCBA3z00Ud3fRxKdUf/zFc/NGXKFKxWK+Xl5Xe134KCAi5cuEBVVRUAY8eOJS4ujjNnztzVcfQn+me++hdbpAeg+q+NGzcyaNCgSA9DKT8NLBPxer1UV1djs9lITU0lKqr7M/orV64wcOBAHA5Hj9tsbGzEbrd3uWzBggXdrufz+fj++++JiYlh6NCh3da53W6GDRvW4xiUCpXOYZnEjh07GDFiBJmZmaSnp5OUlMTevXsDajweD+vXr8fhcJCQkIDT6WTUqFG8+uqrtLW1+etEhC1btuB0OomJiSE2Npbt27cH9Zmfnx8QWtOnT2fZsmW89957JCcnk5iYiN1u55lnnuH69esB627fvp0RI0Zgt9sZOXIk77zzDuvWraOwsDDMPxl1XxHV72RnZ8u0adP8z1977TUBZPny5XL69Gk5fvy4zJs3TwDZtWuXv27r1q0CyEsvvSSnTp2SEydOyIIFCwSQDz74wF+3bds2ASQ3N1dKSkqkqKhInE6nREdHi8vl8tdlZWVJTk5OwPP4+HiJj4+XrVu3yvvvvy9PP/20ALJhwwZ/3ZYtWwSQZ599Vvbv3y+bN2+W2NhYGT58uEydOvUn+qn9NCK4a6quRPo/hArWObDq6+tlyJAh8sQTTwTUeL1emThxosTHx4vH4xERkblz58rMmTMD6pqbmyUqKkpWr14tIiJut1scDofk5OSI1+v1133++edisVh6DSyLxSKffvqpv621tVUcDoe/37q6Ohk8eLA89dRTAeM4c+aMABpYqk/0lLCfO3nyJE1NTSxbtiyg3Wq1Mn/+fGpra/1X9Y4cOUJZWRlgzDFdunSJgwcP0tbWRmtrKwBlZWXU1dWxatUqrFarf3uTJk1iypQpvY4nKyuL6dOn+58PGDCAtLQ06urqADh16hTNzc0sWbIkYL2cnBxcLtcd/ASU6qCB1c/V1NQAkJmZGbRs1KhRANTW1gLQ0NDAmjVrcLlcDB48mJSUFF5++eWAdaqrqwFIS0sL2t7o0aN7HY/T6Qxqs9ls/jmyS5cuATBmzJg72r5SPdHA6ufabwPy+XxByxoaGgCIjo7G6/WSn5/Pm2++SV5eHh9++CHnzp3j4sWLAes0NzcDxgT9rZqamnodj83W84XlnsZ748aNXrevVE80sPq59iOhysrKoGXl5eXYbDZcLhdVVVVUVFSwbt063njjDQoKCsjMzKS+vj5gnYyMDAC++OKLgHafz8fZs2f7PN4HH3wQgK+++iqg/caNG1RUVPR5++r+poHVz+Xl5REXF8frr78ecAR0/vx5jh07RkFBAXa73X9K5vV6/TU+n48NGzYAxq0MALNnzyY2Npbi4mLcbre/dvfu3Xz77bd9Hu+sWbOIiYmhqKjIP68lIqxdu5bGxsaA2srKSnbv3s358+dvu03dpyJ9FUYFu/W2hoMHD4rVapXU1FRZuXKlrFixQuLi4iQhIUFqampERMTj8Uh2drbYbDZZuHChrFq1SjIyMmTGjBmSnp4uKSkpsnfvXhEROXDggFitVklOTpbCwkKZM2eODB06VHJycnq9Spibmxs03kcffTRgvcOHD4vdbhen0yn5+fmSlpYmSUlJkpWVFfB9td+G0T6u22m7WyK8e6pbWDdu3Lgx0oNQgVpbW5k4cSJTp04FjPf05eXl8d1331FZWUlDQwMFBQXs27ePxMREAKKiopg/fz4tLS18+eWXNDU1sXTpUnbu3Mn48eO5evUqY8aM4eGHH8blcvHYY49x8eJFLly4QHJyMnv27GHs2LGkpqbyyCOPANDS0hJw9bClpYXJkyczefLkoPFOmDDBv15mZiaLFy9m+PDhWCwWnnzySd5++21KS0uJiYnhhRdeAIyjwQceeIBZs2aRkJBwW213y6ZNmzbd1Q5Vj/TNzyqsrl+/zscff8y4cePIysryt/t8PhwOBwsXLuStt96K4Ahvj775uX/ROSwVVoMGDeLFF1+ksLDQP4fl8Xh45ZVXaGxs5Pnnn4/wCJWZ6ZufVVhZrVaKi4tZuXIliYmJJCUlce3aNdxuN5s3b+bxxx+P9BCViekpofpJNDQ08Mknn3D58mWcTie5ubmkpKREeli3TU8J+xcNLKV6oIHVv/x//35NnNPTt8AAAAAASUVORK5CYII="`;

exports[`Render Updates Relative View Render relative view with props and children updates 2`] = `"data:image/png;base64,iVBORw0KGgoAAAANSUhEUgAAASwAAACWCAYAAABkW7XSAAAABmJLR0QA/wD/AP+gvaeTAAAXeElEQVR4nO3de1xUdf7H8ddhRgSRO4OICoFYIErmvWwrCWx72M0uVq7mrXtbv3Iv5W7+ytI2S6Pbry017efmb8s7babWY9Nc3bS0MkVRRFFJ17gZKPfh8/vjyMAA4qgYHPs8Hw8fM/Od73zPd0bP2/P9njPzNUREUEo1yTAMo7X7oOp4tXYHlFLKUxpYSinL0MBSSlmGBpZSyjI0sJRSlqGBpZSyDA0spZRlaGAppSxDA0spZRkaWEopy9DAUkpZhgaWUsoyNLCUUpahgaWUsgwNLKWUZWhgKaUsQwNLKWUZGlhKKcvQwFJKWYYGllLKMjSwlFKWoYGllLIMDSyllGXYAZYvX45hGCQnJzN58mRycnLw9/cnJiaG0aNHk5iY2OSL165dy5IlS86q/vPPP09OTg5FRUVMnDixRdp/7rnnWLduHb6+vh7VV0pZjIhI//79ZdCgQZKRkSEdO3aU3r17S0xMjHh5eYlhGHLfffeJ0+mU+h599FEBzrr+xo0b5ZZbbpHExEQpKCiQhs62fS8vL4/qK+WJ1t07VSMidYGVm5srJSUlrr+s/Px8eeyxx6RPnz6yYMECV3l6eroAMnr0aLf6BQUFcvPNNwsg8+bNa1R/3Lhxcvz4cVd5bWAdOHBAioqK3Nppqv3CwkIZM2bMKduPioqShIQEV3leXp4MHz68UX2lPNWKu6ZqgtscVkREBB07dnQ9DgwM5OGHH2bJkiWMHDnSVb5ixQoMw+Ctt95y1T9y5AgiwvLly1m4cCFfffWVq/6GDRtYsmQJ8+fPx+l0NtmRjIwM1/3vv/+etLQ00tLS3PoTHBzMggULyMzM5MCBAwAUFxezfv16PvjgA/r27YuXV91bCgsLIz09nT//+c+kp6ef1QeklGo73AKrpqbGdf+VV14hPDyc+Ph44uLiiImJYf78+QAYhkFsbCze3t5MmTKF0NBQIiMjCQsLIzIykuzsbNLS0lxtTZ48mczMTMLCwggMDCQoKIhZs2a5ng8NDaVv374ArFq1igceeIAnnngCh8NBQkICixYtcuv0xRdfjN1ud7U3Z84ccnNzm3yDNpuNP/zhD0yYMOEcPyqlVKsTqRsSZmVlyb59++TFF18UQCZOnChffPGFfPrpp66h3jvvvCOZmZny9ttvy4wZMwSQxx9/XNatWyefffaZjBw5UgD54IMPXIfVL730kgCSnJws8+bNk5kzZ0pYWJh07NhREhMTXfU++eQTsdls0r9/f3nzzTdl6dKlcv311wvgNiT1tD2lzlUr7pqqKSJ1gVVcXCwFBQXSoUMHufbaa6WgoED++c9/SmlpqVRXV8ull14qDodDqqqq5OjRo3LTTTfJNddcIz/88IM8+uijsmzZMikrKxMvLy+ZNGmSiIiUlJRIaGioDBkyRPLy8uTxxx+XuXPnytatW8UwDElMTBSn0ynV1dUSGxsrCQkJUlZW5prTqqqqkqSkJHE4HDJ37lw5duyYq73q6mrXP6za9kJCQmThwoVu/+h0wl2drdbeP5U7tyGhv78/a9eupbS0lAkTJjB9+nSuvfZaoqOjOXr0KLfffjt5eXns2LGD8PBw0tPTWbt2LZ07dyYtLY3+/fuzePFiampqqKysBMxLEwoKCnjkkUdo3749SUlJ/Otf/8LhcDBgwAAADh8+zNdff82+ffsYPXo0Pj4+BAUFAWC32xk+fDh5eXnce++9LFy40NWezWZz9b1v37707dsXX19fPvvsM/Ly8lzP7d27l40bN573D1MpdX7ZGxbk5OQAEB8fT3JyMna7nZdffpl58+bRuXNnAFcYFBUVMX36dFatWkVWVhZVVVVERka6tZednQ1A9+7d8ff3Z/z48YwfPx6A6Ohodu7cSU1NDdu3bwfghRdeYObMmW5tVFRUALBmzRo2b97saq+h2NhYysvLXXNttZxOJ2PGjCE7OxvDMM7g41FKtSX2hmftandop9NJREQEM2bMYPfu3dTU1FBUVARAx44dqa6uZtiwYWzfvp0HHniAadOmkZCQQFxcHO3atXO1V1ZWBkBVVVWjjZeWlgLg6+vrmvB/6KGH6NOnD4GBgfj4+LjVHzBgAFu3bj1tew35+/uzf/9+Dh48SHR09Ok/FaVUm+RV/zIAqDty2bZtm6vM4XAwbNgwNm3ahN1uJzExkR07drBlyxaefPJJXnvtNUaMGEF8fDyFhYVu7fXo0QOAb7/91q3c6XS6jqpsNhsxMTG1HSIpKYlBgwaRkpJCSkoKIsI333yDn5+fR+01ZLPZCAgIIDg4+Iw+HKVU2+JVf4hUXl5OSkoKISEhpKWlUVpaSkFBAbfddhshISGsXLmSESNG4O3t7Toiqq6udr3e6XTyzDPPAFA7X3ndddcRFBTEG2+8wU8//eSqO3v2bA4ePAiYR0ZJSUn07NmT+fPnU15e7hoG5ubmMmrUKNasWYPdbueqq65ytVdSUtJkew0VFxczdepUAgICWuIzU0q1EkNEZMCAAdhsNubNm8euXbsQEe666y6ioqJITU1FRFi6dCk+Pj78+9//JiQkBKfTSWpqKt999x0jR44kODiYTz/9lE6dOvGf//yHyspKpk6dyrhx41i8eDF33303kZGRJCcnk5+fz7p16+jTpw/Hjh1j9erVhIeHs23bNlJTU2nfvj3XXHMN3t7erFy5EhFh6NChHD58mDlz5pCZmdlsezt27HB7k7t378bf37/R/JpSp2PopGebYgcYO3YshmHgcDiYMmUKf/rTn1i/fj2vv/46mzdvpkOHDtx7771MmjSJTp06AVBZWcnq1auZPn06mzdvprCwkEmTJjFx4kTWr1/PnDlzXEdhd9xxBw6Hg1dffZXt27eTkJDAxo0b2b9/P/v37ycyMhIvLy/XHNXLL7/M1q1b8fHxYdy4caSmpjJ58mSio6OJiIigd+/ezbbXUFxcnNsZRaWUNRl6rYlSp6ZHWG2L/h6WUsoyNLCUUpahgaWUsgwNLKWUZWhgKaUsQwNLKWUZGlhKKcvQwFJKWYYGllLKMrzAXJdwxYoVP/vGly1bxrvvvut6vGjRIj766KOfvR9KKWtw+/Lzpk2bftaNjxgxgqysLNeXlXv27ElISAgbNmz4Wfuh1KnoV3Palka/ONqann322UY/2qeUUrWaDazq6mqys7Ox2+3ExMTQ8Mf+6jty5Aje3t6EhoY2u8Hi4uJT/i5V/bUPG3I6nRw9epTAwED8/PxOWa+kpAR/f/9m+6CUsqZTJlDDdQm7du3a6LfSq6qqGq1L2LlzZ55//nm3NQ5FhOnTp59yXcJaw4YNcwutwYMHM2HCBBYsWEC3bt3o0qULAQEB3HrrrZw4ccLttbNmzSI8PJyAgAAiIiJ4++23efLJJxk7duxZfzhKqTZGpG6Zr1qnW5ewVkuvS5iQkCBDhgxxe+xwOMThcMiMGTNk4cKFcuONNwogzzzzjKve9OnTBZDbbrtN3n//fZk2bZoEBQVJcHCwDBw4sMWWfFK/PK24a6qmiLgHVmFhoWtdwvoarksoIq51Cetrbl3CptYRPF1gGYYhX375paussrJSQkNDXdstKCgQX19fueGGG9z6sWHDBgE0sNQ5ae39U7lrNCT8/PPPXesS1mez2dzWJQRc6xKCOcd06NChZtclbLiOYO26hM1JSEhg8ODBrsft2rWje/fuFBQUALBu3TrKysq455573F43ZMgQEhMTPfoQlFLW0Ciw6q9L2FBT6xL+/ve/JzExEV9fX6KionjqqafcXlN/XcKGPFlyKywsrFGZ3W53zZEdOnQIMNckPJv2lVLW0Siw6q9L2FBT6xK++eabpKSk8OGHH7Jr1y4OHDjg9hpP1iVsjt3e/JUXzfW3vLz8tO0rpayjUWA1tS5hrfO1LuG5uOiiiwDYuXOnW3l5eTlbtmw55/aVUm1Ho8BquC5hrT179rjWJQwICDirdQk9XUfwTAwdOpTAwEBmzpzpmtcSEf74xz9SXFzsVnfbtm3Mnj2bPXv2nHGZUqoNEGl8WcPixYvFZrNJTEyM3H///XLfffdJSEiIREZGSk5OjoiIVFVVSf/+/cVut8uoUaPkkUcekR49esiVV14pcXFxEhUVJfPnzxcRkUWLFonNZpNu3brJ2LFjZfjw4eLn5ydDhgw57VnC5OTkRmdurrjiCrfXrVixQgICAiQsLEyGDRsm3bt3l65du0pCQoLb+6q9DKO2X2dSpn6ZWnn3VA3Ynn322WcrKyu59NJLGThwIGB+py8lJYXc3Fy2bdtGUVERI0aM4L333qNLly6AuaT87bffTkVFBRkZGZSWljJ+/Hhef/11evfuzY8//khsbCyXXXYZiYmJXHXVVRw4cICsrCy6devGu+++S8+ePYmJieHyyy8HoKKiwu3sYUVFBf369aNfv35una6srCQpKcn1uvj4eEaPHk1wcDCGYZCamspf//pXli1bRmBgIGPGjAHMo8FOnToxdOhQ16KqnpapX6apU6dObe0+qDqWX5fwxIkTfPLJJ/Tq1YuEhARXudPpJDQ0lFGjRvHWW2+1Yg+VlemXn9sWy/8elo+PDw8++CBjx451zWFVVVXx9NNPU1xczJ133tnKPVRKtZQ29WsNZ8Nms/HGG29w//3306VLF7p27Up+fj4lJSVMmzaNq6++urW7qJRqIZYfEtYqKipi9erV/PDDD4SFhZGcnExUVFRrd0tZnA4J25YLJrCUOh80sNoWy89hKaV+OTSwlFKWoYGllLIMDSyllGVoYCmlLEMDSyllGRpYSinL0MBSSlmGBpZSyjI0sJRSlqGBpZSyDA0spZRlaGAppSxDA0spZRkaWEopy9DAUkpZhgaWUsoyNLCUUpahgaWUsgwNLKWUZWhgKaUsQwNLKWUZGlhKKcuw/MrPSp1PIhIP/AbzP/ePgQogFagBPjEMI6MVu/eLowupXigq8qGmEnzCwWjm/yFP67X0dlvCoeVgGND1lvO7HXcfc2jZDVQWQfeJu0+WXXLy9kvDMK440wZlIbcCwcZveLfFevkLoUPCtq4iDz7whn3/2/Tz2XMh/SJY6oDlXWBJKHzzOzNEzqZeS2/X0/Y8kfECZLx49q8/O77s/xtkppn3wa/ec35Nv+S0xgBPnGvHfol0SNiW1VTAd09BTVXTz+cshM33QehASPwzGF5w4O+Q+Yp5/7KXz6xeS2/X0/aspeQU9wEQER+gG3DcMIwjTbZg2LzAyy5SaTcMo/r8dPPCpIHVFh37HrY+AYVboeqnU9fbOQP8oiBlHdh8zbLYcbBmIOx+DXo9De0CPa/X0tv1tL1zJdVQkg1edvCLMUPzVMqOgJc3tA9tvs2qYmgXADC4wTM7gITa+3L8wALsHW6kfZgA3wMDMY/EEJHdwKOGYXwm7xPAbyQQeJn1t9xAyV4v4ISIfA7EYY523jUM44Uze/O/LDokbIsMO/jHQfSd0HlY03WcZXBsO3S5sS40AAwbRKSYRzPFmZ7Xa+ntetreucp8BZaGw8fx8FEcrOgK++a716mpgu+nmMPW5ZGwNAyWdYYdz4PU1KsokDHdfH5xICwOgl2zGg77Lgfg8Cr4R4+xpEePYakjiI8Tgjm46GpOhtXJ9i5hx7RV8n+2Igx+YlFADrtm3VkvUb2BX2MGVizm5L5qhh5htUWBPWHgO+b9Q8vhyKeN60iNWSekf+PniveYtx26eV6vpbfraXvnYucMc6jZfSLE3GMOPff8D2yaYIZU3P1mvcw02DEN4h83J+xrqmDvHPj+v8H/YjNQAXbNhG1PQ6dkiBkNFYWw80VwloNfdN12D6+CL26EoN41XD6/EHtACNlzYcOdcHkFxIypa+/7KTYCe5cSOyYXvHo12V4do2U/oAuPBpZV2f3qdkgXgT1vQm66uWP6RprFntZr6e2eT5VFsOM5iLgWBs2tK++UDKv7mcHTfYJ5lJe/ETpdA33T6uo5roRDS6DgKzOwqo+bAegYAsmfmkeMAJ2Gwup64SxO2PJbM+iu+zIbL59gIISuN8GqfvDN704QM+Z3VB9/lZ0zfHAMgZQv2mPYerm1V370CLAWGHWeP6kLig4JLxQnDsAXN8GWxyD8Shg059zqtfR2W9rRz6G6FGInuJcbNuh2u3lW8tgOs+yqdLh2rXlfnFB6CA4uNo8Wa89qHl0LFQVw8SN1YQUQ0ncfoQPqHhd87c3xfeYRmJdP3SVBhh263lBCRZ4f7xsfcXhlXr32Quu1B74ROVTkFwL3AE1PzKsm6RGW1Uk1ZPzF/GPzgf5vQI+H3He6M6nX0ts9X47nmLcB8Y2f8+1s3lbkmbeVRebc1OFVUJJlDgkbHgWWZJu3Hbs3bG03ftGx/LTz5Hb3mm8w4wXYOSMRDMM1JeUsM+e7hFCKs+ynaA8MWw7gMAzDKSJZQGcP3rFCA8vaqo/D2ushbyPE3QuX/qXps1+e1mvp7Z5PxsnpHnE2fq6yyLy1dzSD9fNh5omCHg9A0jQITDBPBvy9Xd1rnGXmbeNLL/yoLq2/YfOmx0Pg+NUBvOz+eHk7AKg+nsX6Eb/Fh0M4S41TtAc1NfUm5unoydtVJg0sK9vyGBRshquWNX/1t6f1Wnq751PtkcuxbbgN2QDyN5lDtMBEc1hYuAV6/TckTa2rU/6j+2v8e5i3Rd+a81i1xHkZP20Hu//JepeY100ZXtD1puOYZ/pMuctB6IuDdfhfUnmK9qCmNB7IFZGLgaT63RCRAGAc5tnGEmDeyW2ctswwjPJmPrELggaWVVXkQ877cMljzYeGp/VaervnqnALFH5jTpb7X9z4+YgU8A4xzwBGjwJ7B7O8ZA8cXgndRpjXUdVetiD1rs8UJ2x/pvaBedP5OvAOgt1vQMxYaHcyoPbO9ufEQTP8AEL7VRHYE7LnQ4+H27nO9pXmwqYJ3TG4zhjKS1Jxc0m99spo598e8GLvbKg8FkjH2HbAVzTeBx8G/lLvcTkQ7mHZvGY+0QuCBpZV5X9pDjd2zTL/NOXXX5sXSnpSr6nLFM5lu562dyq5/zDPAg6e33Rg2f3MSyY23gWf9IKIVEDg4FIzyGqvtg9OMvuy8yU4kQPeweblFT6dzGHhD/8wn48dBwNnw8a7YWUiRCRDeT78uM48Qqo8dnLDBgx+Dz5PhdV9e9B5WCXYzZA0w+9BALyDalztfRzvTVCv/Rjtutdrr0MT71qAhuV+Z1B2wdPAausCLoaeT0JQb/dyn3CzvDk+EebRhCf1Wnq7nrZ3KuFXQugg86r0WrFjcbtUKep26LAedr9uDlFtHcw5tfhJZiCBOTRMXmNeh5W/GdoVms/H3QtHv4DsOXVHYVF3QHsH7H7VnPMKSIDUjXBiPxzfD+YvNXgROgCu3wrbphRxLCOAdgFm4PV45FsjIC7rZO8qXO3tfLGcwq8NIlIrSd3oXa+9ho4BDb+MWXEGZRc8/bUG1XatGw5Jz5uXArSe/wI6ATZgDWZi1l62n445h1T7eKlhGF8DiMjlwM0ny/cDb9dr8zvMr/F4A3fVK/8QePTkH2+gFEgDfDwpMwyj0XcbLzQaWKpt2vsO/LgBrvhbq3bDMIxzvvpcRDoABZghA+Zvaf0IhAL1TlUyzjCMc/g5iwufBpZqm5xl7t9VbCUtEVgAIvIBcGczVTKAAYZhlLXE9i5UeqW7apvaQFi1sAeBFbhOS7rZBAzXsDo9PcJSqhktdYRVS0QSgF8BkUARZlh9ZRiG7oce0MBSqhktHVjq3OiQUCllGRpYSinL0MBSSlmGBpZSyjI0sJRSlqGBpZSyDA0spZRlaGAppSxDA0spZRkaWEopy9DAUkpZhgaWUsoyNLCUUpahgaWUsgwNLKWUZWhgKaUsQwNLKWUZGlhKKcvQwFJKWYYGllLKMjSwlFKWoYGllLIMDSyllGVoYCmlLEMDSyllGRpYSinL0MBSSlmGBpZSyjI0sJRSlqGBpZSyDA0spZRlaGAppSxDA0spZRkaWEopy9DAUkpZhgaWUsoyNLCUUpahgaWUsgwNLKWUZfw/ypckz4cCRsEAAAAASUVORK5CYII="`;

exports[`Render Updates Text Test "Text" multiples content change 1`] = `"data:image/png;base64,iVBORw0KGgoAAAANSUhEUgAAASwAAACWCAYAAABkW7XSAAAABmJLR0QA/wD/AP+gvaeTAAAAxUlEQVR4nO3BMQEAAADCoPVPbQhfoAAAAAAAAAAAAAAAAAAAAAAAAAAAAAAAAAAAAAAAAAAAAAAAAAAAAAAAAAAAAAAAAAAAAAAAAAAAAAAAAAAAAAAAAAAAAAAAAAAAAAAAAAAAAAAAAAAAAAAAAAAAAAAAAAAAAAAAAAAAAAAAAAAAAAAAAAAAAAAAAAAAAAAAAAAAAAAAAAAAAAAAAAAAAAAAAAAAAAAAAAAAAAAAAAAAAAAAAAAAAAAAAAAAAAAAAOA1v9QAATX68/0AAAAASUVORK5CYII="`;

exports[`Render Updates Text Test "Text" multiples content change 2`] = `"data:image/png;base64,iVBORw0KGgoAAAANSUhEUgAAASwAAACWCAYAAABkW7XSAAAABmJLR0QA/wD/AP+gvaeTAAAAxUlEQVR4nO3BMQEAAADCoPVPbQhfoAAAAAAAAAAAAAAAAAAAAAAAAAAAAAAAAAAAAAAAAAAAAAAAAAAAAAAAAAAAAAAAAAAAAAAAAAAAAAAAAAAAAAAAAAAAAAAAAAAAAAAAAAAAAAAAAAAAAAAAAAAAAAAAAAAAAAAAAAAAAAAAAAAAAAAAAAAAAAAAAAAAAAAAAAAAAAAAAAAAAAAAAAAAAAAAAAAAAAAAAAAAAAAAAAAAAAAAAAAAAAAAAAAAAAAAAOA1v9QAATX68/0AAAAASUVORK5CYII="`;

exports[`Render Updates Text Test "Text" multiples content change 3`] = `"data:image/png;base64,iVBORw0KGgoAAAANSUhEUgAAASwAAACWCAYAAABkW7XSAAAABmJLR0QA/wD/AP+gvaeTAAAAxUlEQVR4nO3BMQEAAADCoPVPbQhfoAAAAAAAAAAAAAAAAAAAAAAAAAAAAAAAAAAAAAAAAAAAAAAAAAAAAAAAAAAAAAAAAAAAAAAAAAAAAAAAAAAAAAAAAAAAAAAAAAAAAAAAAAAAAAAAAAAAAAAAAAAAAAAAAAAAAAAAAAAAAAAAAAAAAAAAAAAAAAAAAAAAAAAAAAAAAAAAAAAAAAAAAAAAAAAAAAAAAAAAAAAAAAAAAAAAAAAAAAAAAAAAAAAAAAAAAOA1v9QAATX68/0AAAAASUVORK5CYII="`;

exports[`Render Updates Text Test "Text" simple text change 1`] = `"data:image/png;base64,iVBORw0KGgoAAAANSUhEUgAAASwAAACWCAYAAABkW7XSAAAABmJLR0QA/wD/AP+gvaeTAAAAxUlEQVR4nO3BMQEAAADCoPVPbQhfoAAAAAAAAAAAAAAAAAAAAAAAAAAAAAAAAAAAAAAAAAAAAAAAAAAAAAAAAAAAAAAAAAAAAAAAAAAAAAAAAAAAAAAAAAAAAAAAAAAAAAAAAAAAAAAAAAAAAAAAAAAAAAAAAAAAAAAAAAAAAAAAAAAAAAAAAAAAAAAAAAAAAAAAAAAAAAAAAAAAAAAAAAAAAAAAAAAAAAAAAAAAAAAAAAAAAAAAAAAAAAAAAAAAAAAAAOA1v9QAATX68/0AAAAASUVORK5CYII="`;

exports[`Render Updates Text Test "Text" simple text change 2`] = `"data:image/png;base64,iVBORw0KGgoAAAANSUhEUgAAASwAAACWCAYAAABkW7XSAAAABmJLR0QA/wD/AP+gvaeTAAAAxUlEQVR4nO3BMQEAAADCoPVPbQhfoAAAAAAAAAAAAAAAAAAAAAAAAAAAAAAAAAAAAAAAAAAAAAAAAAAAAAAAAAAAAAAAAAAAAAAAAAAAAAAAAAAAAAAAAAAAAAAAAAAAAAAAAAAAAAAAAAAAAAAAAAAAAAAAAAAAAAAAAAAAAAAAAAAAAAAAAAAAAAAAAAAAAAAAAAAAAAAAAAAAAAAAAAAAAAAAAAAAAAAAAAAAAAAAAAAAAAAAAAAAAAAAAAAAAAAAAOA1v9QAATX68/0AAAAASUVORK5CYII="`;

exports[`Render Updates Text Test "Text" style props change 1`] = `"data:image/png;base64,iVBORw0KGgoAAAANSUhEUgAAASwAAACWCAYAAABkW7XSAAAABmJLR0QA/wD/AP+gvaeTAAAAxUlEQVR4nO3BMQEAAADCoPVPbQhfoAAAAAAAAAAAAAAAAAAAAAAAAAAAAAAAAAAAAAAAAAAAAAAAAAAAAAAAAAAAAAAAAAAAAAAAAAAAAAAAAAAAAAAAAAAAAAAAAAAAAAAAAAAAAAAAAAAAAAAAAAAAAAAAAAAAAAAAAAAAAAAAAAAAAAAAAAAAAAAAAAAAAAAAAAAAAAAAAAAAAAAAAAAAAAAAAAAAAAAAAAAAAAAAAAAAAAAAAAAAAAAAAAAAAAAAAOA1v9QAATX68/0AAAAASUVORK5CYII="`;

exports[`Render Updates Text Test "Text" style props change 2`] = `"data:image/png;base64,iVBORw0KGgoAAAANSUhEUgAAASwAAACWCAYAAABkW7XSAAAABmJLR0QA/wD/AP+gvaeTAAAAxUlEQVR4nO3BMQEAAADCoPVPbQhfoAAAAAAAAAAAAAAAAAAAAAAAAAAAAAAAAAAAAAAAAAAAAAAAAAAAAAAAAAAAAAAAAAAAAAAAAAAAAAAAAAAAAAAAAAAAAAAAAAAAAAAAAAAAAAAAAAAAAAAAAAAAAAAAAAAAAAAAAAAAAAAAAAAAAAAAAAAAAAAAAAAAAAAAAAAAAAAAAAAAAAAAAAAAAAAAAAAAAAAAAAAAAAAAAAAAAAAAAAAAAAAAAAAAAAAAAOA1v9QAATX68/0AAAAASUVORK5CYII="`;
